[1,6]<stdout>:compute-st-worker-41:16542:18249 [6] NCCL INFO Channel 19/0 : 6[a01c0] -> 5[901d0] via P2P/IPC/read
[1,2]<stdout>:compute-st-worker-41:16538:18247 [2] NCCL INFO Channel 22/0 : 2[201c0] -> 1[101d0] via P2P/IPC/read
[1,3]<stdout>:compute-st-worker-41:16539:18244 [3] NCCL INFO Channel 22/0 : 3[201d0] -> 2[201c0] via P2P/IPC/read
[1,1]<stdout>:compute-st-worker-41:16537:18246 [1] NCCL INFO Channel 22/0 : 1[101d0] -> 0[101c0] via P2P/IPC/read
[1,5]<stdout>:compute-st-worker-41:16541:18248 [5] NCCL INFO Channel 20/0 : 5[901d0] -> 4[901c0] via P2P/IPC/read
[1,4]<stdout>:compute-st-worker-41:16540:18243 [4] NCCL INFO Channel 22/0 : 4[901c0] -> 3[201d0] via P2P/IPC/read
[1,6]<stdout>:compute-st-worker-41:16542:18249 [6] NCCL INFO Channel 20/0 : 6[a01c0] -> 5[901d0] via P2P/IPC/read
[1,2]<stdout>:compute-st-worker-41:16538:18247 [2] NCCL INFO Channel 23/0 : 2[201c0] -> 1[101d0] via P2P/IPC/read
[1,3]<stdout>:compute-st-worker-41:16539:18244 [3] NCCL INFO Channel 23/0 : 3[201d0] -> 2[201c0] via P2P/IPC/read
[1,1]<stdout>:compute-st-worker-41:16537:18246 [1] NCCL INFO Channel 23/0 : 1[101d0] -> 0[101c0] via P2P/IPC/read
[1,5]<stdout>:compute-st-worker-41:16541:18248 [5] NCCL INFO Channel 21/0 : 5[901d0] -> 4[901c0] via P2P/IPC/read
[1,4]<stdout>:compute-st-worker-41:16540:18243 [4] NCCL INFO Channel 23/0 : 4[901c0] -> 3[201d0] via P2P/IPC/read
[1,6]<stdout>:compute-st-worker-41:16542:18249 [6] NCCL INFO Channel 21/0 : 6[a01c0] -> 5[901d0] via P2P/IPC/read
[1,5]<stdout>:compute-st-worker-41:16541:18248 [5] NCCL INFO Channel 22/0 : 5[901d0] -> 4[901c0] via P2P/IPC/read
[1,6]<stdout>:compute-st-worker-41:16542:18249 [6] NCCL INFO Channel 22/0 : 6[a01c0] -> 5[901d0] via P2P/IPC/read
[1,5]<stdout>:compute-st-worker-41:16541:18248 [5] NCCL INFO Channel 23/0 : 5[901d0] -> 4[901c0] via P2P/IPC/read
[1,6]<stdout>:compute-st-worker-41:16542:18249 [6] NCCL INFO Channel 23/0 : 6[a01c0] -> 5[901d0] via P2P/IPC/read
[1,0]<stdout>:compute-st-worker-41:16536:18242 [0] NCCL INFO Connected all trees
[1,0]<stdout>:compute-st-worker-41:16536:18242 [0] NCCL INFO threadThresholds 8/8/64 | 64/8/64 | 512 | 512
[1,0]<stdout>:compute-st-worker-41:16536:18242 [0] NCCL INFO 24 coll channels, 32 p2p channels, 32 p2p channels per peer
[1,7]<stdout>:compute-st-worker-41:16543:18245 [7] NCCL INFO Connected all trees
[1,7]<stdout>:compute-st-worker-41:16543:18245 [7] NCCL INFO threadThresholds 8/8/64 | 64/8/64 | 512 | 512
[1,7]<stdout>:compute-st-worker-41:16543:18245 [7] NCCL INFO 24 coll channels, 32 p2p channels, 32 p2p channels per peer
[1,2]<stdout>:compute-st-worker-41:16538:18247 [2] NCCL INFO Connected all trees
[1,2]<stdout>:compute-st-worker-41:16538:18247 [2] NCCL INFO threadThresholds 8/8/64 | 64/8/64 | 512 | 512
[1,2]<stdout>:compute-st-worker-41:16538:18247 [2] NCCL INFO 24 coll channels, 32 p2p channels, 32 p2p channels per peer
[1,1]<stdout>:compute-st-worker-41:16537:18246 [1] NCCL INFO Connected all trees
[1,1]<stdout>:compute-st-worker-41:16537:18246 [1] NCCL INFO threadThresholds 8/8/64 | 64/8/64 | 512 | 512
[1,1]<stdout>:compute-st-worker-41:16537:18246 [1] NCCL INFO 24 coll channels, 32 p2p channels, 32 p2p channels per peer
[1,3]<stdout>:compute-st-worker-41:16539:18244 [3] NCCL INFO Connected all trees
[1,3]<stdout>:compute-st-worker-41:16539:18244 [3] NCCL INFO threadThresholds 8/8/64 | 64/8/64 | 512 | 512
[1,3]<stdout>:compute-st-worker-41:16539:18244 [3] NCCL INFO 24 coll channels, 32 p2p channels, 32 p2p channels per peer
[1,4]<stdout>:compute-st-worker-41:16540:18243 [4] NCCL INFO Connected all trees
[1,4]<stdout>:compute-st-worker-41:16540:18243 [4] NCCL INFO threadThresholds 8/8/64 | 64/8/64 | 512 | 512
[1,4]<stdout>:compute-st-worker-41:16540:18243 [4] NCCL INFO 24 coll channels, 32 p2p channels, 32 p2p channels per peer
[1,5]<stdout>:compute-st-worker-41:16541:18248 [5] NCCL INFO Connected all trees
[1,5]<stdout>:compute-st-worker-41:16541:18248 [5] NCCL INFO threadThresholds 8/8/64 | 64/8/64 | 512 | 512
[1,5]<stdout>:compute-st-worker-41:16541:18248 [5] NCCL INFO 24 coll channels, 32 p2p channels, 32 p2p channels per peer
[1,6]<stdout>:compute-st-worker-41:16542:18249 [6] NCCL INFO Connected all trees
[1,6]<stdout>:compute-st-worker-41:16542:18249 [6] NCCL INFO threadThresholds 8/8/64 | 64/8/64 | 512 | 512
[1,6]<stdout>:compute-st-worker-41:16542:18249 [6] NCCL INFO 24 coll channels, 32 p2p channels, 32 p2p channels per peer
[1,1]<stdout>:compute-st-worker-41:16537:18246 [1] NCCL INFO comm 0x55aa0fc2d710 rank 1 nranks 8 cudaDev 1 busId 101d0 - Init COMPLETE
[1,5]<stdout>:compute-st-worker-41:16541:18248 [5] NCCL INFO comm 0x55ab1ef0a8e0 rank 5 nranks 8 cudaDev 5 busId 901d0 - Init COMPLETE
[1,4]<stdout>:compute-st-worker-41:16540:18243 [4] NCCL INFO comm 0x556df90c46d0 rank 4 nranks 8 cudaDev 4 busId 901c0 - Init COMPLETE
[1,3]<stdout>:compute-st-worker-41:16539:18244 [3] NCCL INFO comm 0x55c92570ae20 rank 3 nranks 8 cudaDev 3 busId 201d0 - Init COMPLETE
[1,2]<stdout>:compute-st-worker-41:16538:18247 [2] NCCL INFO comm 0x562fc7740a80 rank 2 nranks 8 cudaDev 2 busId 201c0 - Init COMPLETE
[1,0]<stdout>:compute-st-worker-41:16536:18242 [0] NCCL INFO comm 0x557e560b93a0 rank 0 nranks 8 cudaDev 0 busId 101c0 - Init COMPLETE
[1,0]<stdout>:setting training data start iteration to 0
[1,7]<stdout>:compute-st-worker-41:16543:18245 [7] NCCL INFO comm 0x55a4eac5d950 rank 7 nranks 8 cudaDev 7 busId a01d0 - Init COMPLETE
[1,6]<stdout>:compute-st-worker-41:16542:18249 [6] NCCL INFO comm 0x55876b7d1260 rank 6 nranks 8 cudaDev 6 busId a01c0 - Init COMPLETE
[1,0]<stdout>:[2023-03-23 19:28:36.990 compute-st-worker-41:16536 INFO utils.py:28] RULE_JOB_STOP_SIGNAL_FILENAME: None
[1,0]<stdout>:done with setups ...
[1,0]<stdout>:time (ms) | model and optimizer: 8460.74 | train/valid/test data iterators: 2361.20
[1,0]<stdout>:training ...
[1,0]<stderr>:/opt/conda/lib/python3.9/site-packages/torch/distributed/distributed_c10d.py:2387: UserWarning: torch.distributed._all_gather_base is a private function and will be deprecated. Please use torch.distributed.all_gather_into_tensor instead.
[1,0]<stderr>:  warnings.warn(
[1,3]<stdout>:[2023-03-23 19:28:37.309 compute-st-worker-41:16539 INFO utils.py:28] RULE_JOB_STOP_SIGNAL_FILENAME: None
[1,1]<stdout>:[2023-03-23 19:28:37.310 compute-st-worker-41:16537 INFO utils.py:28] RULE_JOB_STOP_SIGNAL_FILENAME: None
[1,4]<stdout>:[2023-03-23 19:28:37.312 compute-st-worker-41:16540 INFO utils.py:28] RULE_JOB_STOP_SIGNAL_FILENAME: None
[1,5]<stdout>:[2023-03-23 19:28:37.313 compute-st-worker-41:16541 INFO utils.py:28] RULE_JOB_STOP_SIGNAL_FILENAME: None
[1,6]<stdout>:[2023-03-23 19:28:37.313 compute-st-worker-41:16542 INFO utils.py:28] RULE_JOB_STOP_SIGNAL_FILENAME: None
[1,2]<stdout>:[2023-03-23 19:28:37.313 compute-st-worker-41:16538 INFO utils.py:28] RULE_JOB_STOP_SIGNAL_FILENAME: None
[1,7]<stdout>:[2023-03-23 19:28:37.313 compute-st-worker-41:16543 INFO utils.py:28] RULE_JOB_STOP_SIGNAL_FILENAME: None
[1,3]<stderr>:/opt/conda/lib/python3.9/site-packages/torch/distributed/distributed_c10d.py:2387: UserWarning: torch.distributed._all_gather_base is a private function and will be deprecated. Please use torch.distributed.all_gather_into_tensor instead.
[1,3]<stderr>:  warnings.warn(
[1,1]<stderr>:/opt/conda/lib/python3.9/site-packages/torch/distributed/distributed_c10d.py:2387: UserWarning: torch.distributed._all_gather_base is a private function and will be deprecated. Please use torch.distributed.all_gather_into_tensor instead.
[1,1]<stderr>:  warnings.warn(
[1,4]<stderr>:/opt/conda/lib/python3.9/site-packages/torch/distributed/distributed_c10d.py:2387: UserWarning: torch.distributed._all_gather_base is a private function and will be deprecated. Please use torch.distributed.all_gather_into_tensor instead.
[1,4]<stderr>:  warnings.warn(
[1,5]<stderr>:/opt/conda/lib/python3.9/site-packages/torch/distributed/distributed_c10d.py:2387: UserWarning: torch.distributed._all_gather_base is a private function and will be deprecated. Please use torch.distributed.all_gather_into_tensor instead.
[1,5]<stderr>:  warnings.warn(
[1,6]<stderr>:/opt/conda/lib/python3.9/site-packages/torch/distributed/distributed_c10d.py:2387: UserWarning: torch.distributed._all_gather_base is a private function and will be deprecated. Please use torch.distributed.all_gather_into_tensor instead.
[1,6]<stderr>:  warnings.warn(
[1,2]<stderr>:/opt/conda/lib/python3.9/site-packages/torch/distributed/distributed_c10d.py:2387: UserWarning: torch.distributed._all_gather_base is a private function and will be deprecated. Please use torch.distributed.all_gather_into_tensor instead.
[1,2]<stderr>:  warnings.warn(
[1,7]<stderr>:/opt/conda/lib/python3.9/site-packages/torch/distributed/distributed_c10d.py:2387: UserWarning: torch.distributed._all_gather_base is a private function and will be deprecated. Please use torch.distributed.all_gather_into_tensor instead.
[1,7]<stderr>:  warnings.warn(
[1,0]<stdout>:[2023-03-23 19:28:37,530] [INFO] [checkpointing.py:553:forward] Activation Checkpointing Information
[1,0]<stdout>:[2023-03-23 19:28:37,530] [INFO] [checkpointing.py:554:forward] ----Partition Activations True, CPU CHECKPOINTING False
[1,0]<stdout>:[2023-03-23 19:28:37,530] [INFO] [checkpointing.py:557:forward] ----contiguous Memory Checkpointing False with 4 total layers
[1,0]<stdout>:[2023-03-23 19:28:37,531] [INFO] [checkpointing.py:560:forward] ----Synchronization True
[1,0]<stdout>:[2023-03-23 19:28:37,531] [INFO] [checkpointing.py:561:forward] ----Profiling time in checkpointing False
[1,5]<stderr>:/opt/conda/lib/python3.9/site-packages/torch/distributed/distributed_c10d.py:2849: UserWarning: torch.distributed._reduce_scatter_base is a private function and will be deprecated. Please use torch.distributed.reduce_scatter_tensor instead.
[1,5]<stderr>:  warnings.warn(
[1,7]<stderr>:/opt/conda/lib/python3.9/site-packages/torch/distributed/distributed_c10d.py:2849: UserWarning: torch.distributed._reduce_scatter_base is a private function and will be deprecated. Please use torch.distributed.reduce_scatter_tensor instead.
[1,7]<stderr>:  warnings.warn(
[1,4]<stderr>:/opt/conda/lib/python3.9/site-packages/torch/distributed/distributed_c10d.py:2849: UserWarning: torch.distributed._reduce_scatter_base is a private function and will be deprecated. Please use torch.distributed.reduce_scatter_tensor instead.
[1,4]<stderr>:  warnings.warn(
[1,3]<stderr>:/opt/conda/lib/python3.9/site-packages/torch/distributed/distributed_c10d.py:2849: UserWarning: torch.distributed._reduce_scatter_base is a private function and will be deprecated. Please use torch.distributed.reduce_scatter_tensor instead.
[1,3]<stderr>:  warnings.warn(
[1,1]<stderr>:/opt/conda/lib/python3.9/site-packages/torch/distributed/distributed_c10d.py:2849: UserWarning: torch.distributed._reduce_scatter_base is a private function and will be deprecated. Please use torch.distributed.reduce_scatter_tensor instead.
[1,1]<stderr>:  warnings.warn(
[1,6]<stderr>:/opt/conda/lib/python3.9/site-packages/torch/distributed/distributed_c10d.py:2849: UserWarning: torch.distributed._reduce_scatter_base is a private function and will be deprecated. Please use torch.distributed.reduce_scatter_tensor instead.
[1,6]<stderr>:  warnings.warn(
[1,2]<stderr>:/opt/conda/lib/python3.9/site-packages/torch/distributed/distributed_c10d.py:2849: UserWarning: torch.distributed._reduce_scatter_base is a private function and will be deprecated. Please use torch.distributed.reduce_scatter_tensor instead.
[1,2]<stderr>:  warnings.warn(
[1,0]<stderr>:/opt/conda/lib/python3.9/site-packages/torch/distributed/distributed_c10d.py:2849: UserWarning: torch.distributed._reduce_scatter_base is a private function and will be deprecated. Please use torch.distributed.reduce_scatter_tensor instead.
[1,0]<stderr>:  warnings.warn(
[1,0]<stdout>:[2023-03-23 19:28:42,461] [INFO] [logging.py:77:log_dist] [Rank 0] rank=0 time (ms) | optimizer_step: 367.25
[1,0]<stdout>:[2023-03-23 19:28:42,461] [WARNING] [stage3.py:1948:step] 2 pytorch allocator cache flushes since last step. this happens when there is high memory pressure and is detrimental to performance. if this is happening frequently consider adjusting settings to reduce memory consumption. If you are unable to make the cache flushes go away consider adding get_accelerator().empty_cache() calls in your training loop to ensure that all ranks flush their caches at the same time
[1,0]<stdout>:[2023-03-23 19:28:42,462] [INFO] [logging.py:77:log_dist] [Rank 0] rank=0 time (ms) | forward_microstep: 2558.68 | backward_microstep: 2219.19 | backward_inner_microstep: 2217.55 | backward_allreduce_microstep: 1.53 | step_microstep: 388.75
[1,0]<stdout>:[2023-03-23 19:28:42,462] [INFO] [logging.py:77:log_dist] [Rank 0] rank=0 time (ms) | forward: 2558.67 | backward: 2219.19 | backward_inner: 2217.56 | backward_allreduce: 1.54 | step: 388.74
[1,0]<stdout>:[2023-03-23 19:28:45,771] [INFO] [logging.py:77:log_dist] [Rank 0] rank=0 time (ms) | optimizer_step: 45.68
[1,0]<stdout>:[2023-03-23 19:28:45,772] [WARNING] [stage3.py:1948:step] 2 pytorch allocator cache flushes since last step. this happens when there is high memory pressure and is detrimental to performance. if this is happening frequently consider adjusting settings to reduce memory consumption. If you are unable to make the cache flushes go away consider adding get_accelerator().empty_cache() calls in your training loop to ensure that all ranks flush their caches at the same time
[1,0]<stdout>:[2023-03-23 19:28:45,772] [INFO] [logging.py:77:log_dist] [Rank 0] rank=0 time (ms) | forward_microstep: 802.25 | backward_microstep: 2376.12 | backward_inner_microstep: 2373.48 | backward_allreduce_microstep: 2.58 | step_microstep: 65.65
[1,0]<stdout>:[2023-03-23 19:28:45,772] [INFO] [logging.py:77:log_dist] [Rank 0] rank=0 time (ms) | forward: 802.24 | backward: 2376.12 | backward_inner: 2373.48 | backward_allreduce: 2.59 | step: 65.65
[1,0]<stdout>:[2023-03-23 19:28:49,216] [INFO] [logging.py:77:log_dist] [Rank 0] rank=0 time (ms) | optimizer_step: 45.59
[1,0]<stdout>:[2023-03-23 19:28:49,216] [WARNING] [stage3.py:1948:step] 4 pytorch allocator cache flushes since last step. this happens when there is high memory pressure and is detrimental to performance. if this is happening frequently consider adjusting settings to reduce memory consumption. If you are unable to make the cache flushes go away consider adding get_accelerator().empty_cache() calls in your training loop to ensure that all ranks flush their caches at the same time
[1,0]<stdout>:[2023-03-23 19:28:49,216] [INFO] [logging.py:77:log_dist] [Rank 0] rank=0 time (ms) | forward_microstep: 764.78 | backward_microstep: 2598.06 | backward_inner_microstep: 2595.41 | backward_allreduce_microstep: 2.59 | step_microstep: 66.06
[1,0]<stdout>:[2023-03-23 19:28:49,216] [INFO] [logging.py:77:log_dist] [Rank 0] rank=0 time (ms) | forward: 764.77 | backward: 2598.06 | backward_inner: 2595.41 | backward_allreduce: 2.60 | step: 66.06
[1,3]<stdout>:compute-st-worker-41:16539:18231 [3] NCCL INFO [Service thread] Connection closed by localRank 3
[1,6]<stdout>:compute-st-worker-41:16542:18228 [6] NCCL INFO [Service thread] Connection closed by localRank 6
[1,1]<stdout>:compute-st-worker-41:16537:18225 [1] NCCL INFO [Service thread] Connection closed by localRank 1
[1,2]<stdout>:compute-st-worker-41:16538:18229 [2] NCCL INFO [Service thread] Connection closed by localRank 2
[1,5]<stdout>:compute-st-worker-41:16541:18226 [5] NCCL INFO [Service thread] Connection closed by localRank 5
[1,7]<stdout>:compute-st-worker-41:16543:18232 [7] NCCL INFO [Service thread] Connection closed by localRank 7
[1,0]<stdout>:compute-st-worker-41:16536:18227 [0] NCCL INFO [Service thread] Connection closed by localRank 0
[1,4]<stdout>:compute-st-worker-41:16540:18230 [4] NCCL INFO [Service thread] Connection closed by localRank 4
[1,0]<stdout>:compute-st-worker-41:16536:16536 [0] NCCL INFO comm 0x557e5604dfa0 rank 0 nranks 8 cudaDev 0 busId 101c0 - Abort COMPLETE
[1,6]<stdout>:compute-st-worker-41:16542:16542 [6] NCCL INFO comm 0x55876b82ae40 rank 6 nranks 8 cudaDev 6 busId a01c0 - Abort COMPLETE
[1,1]<stdout>:compute-st-worker-41:16537:16537 [1] NCCL INFO comm 0x55aa0fb7d5d0 rank 1 nranks 8 cudaDev 1 busId 101d0 - Abort COMPLETE
[1,3]<stdout>:compute-st-worker-41:16539:16539 [3] NCCL INFO comm 0x55c92561abc0 rank 3 nranks 8 cudaDev 3 busId 201d0 - Abort COMPLETE
[1,7]<stdout>:compute-st-worker-41:16543:16543 [7] NCCL INFO comm 0x55a4eac0bd10 rank 7 nranks 8 cudaDev 7 busId a01d0 - Abort COMPLETE
[1,2]<stdout>:compute-st-worker-41:16538:16538 [2] NCCL INFO comm 0x562fc7784de0 rank 2 nranks 8 cudaDev 2 busId 201c0 - Abort COMPLETE
[1,5]<stdout>:compute-st-worker-41:16541:16541 [5] NCCL INFO comm 0x55ab1eebe810 rank 5 nranks 8 cudaDev 5 busId 901d0 - Abort COMPLETE
[1,4]<stdout>:compute-st-worker-41:16540:16540 [4] NCCL INFO comm 0x556dfe21de00 rank 4 nranks 8 cudaDev 4 busId 901c0 - Abort COMPLETE
+ rm /fsx/sliuxl/EleutherAI/gpt-neox/hostfile_mpi
+ scancel -n hb_29740
+ scancel -n train_29740
